{
  "OTHER_1": {
    "arch": {},
    "avatar": "",
    "closed_at": "",
    "collapse": false,
    "completion": "",
    "constraints": [],
    "constraints_error": null,
    "constraints_passed": true,
    "constraints_results": {},
    "content": "",
    "created_at": "",
    "docname": "index",
    "doctype": ".rst",
    "duration": "",
    "external_css": "external_link",
    "external_url": null,
    "has_dead_links": true,
    "has_forbidden_dead_links": true,
    "hide": false,
    "id": "OTHER_1",
    "id_complete": "OTHER_1",
    "id_parent": "OTHER_1",
    "id_prefix": "",
    "is_external": false,
    "is_import": false,
    "is_modified": false,
    "is_need": true,
    "is_part": false,
    "jinja_content": false,
    "layout": null,
    "lineno": 38,
    "lineno_content": 43,
    "links": [
      "SP_TOO_001.unknown_part"
    ],
    "links_back": [],
    "max_amount": "",
    "max_content_lines": "",
    "modifications": 0,
    "more_links": [],
    "more_links_back": [],
    "other_links": [
      "SP_TOO_001",
      "SP_TOO_001.1"
    ],
    "other_links_back": [],
    "params": "",
    "parent_need": null,
    "parent_needs": [],
    "parent_needs_back": [],
    "parts": {},
    "post_content": null,
    "post_template": null,
    "pre_content": null,
    "pre_template": null,
    "prefix": "",
    "query": "",
    "section_name": "NEED PARTS",
    "sections": [
      "NEED PARTS"
    ],
    "service": "",
    "signature": null,
    "specific": "",
    "status": null,
    "style": null,
    "tags": [],
    "template": null,
    "title": "Other",
    "type": "test",
    "type_color": "#DCB239",
    "type_name": "Test Case",
    "type_prefix": "TC_",
    "type_style": "node",
    "updated_at": "",
    "url": "",
    "url_postfix": "",
    "user": ""
  },
  "OTHER_2": {
    "arch": {},
    "avatar": "",
    "closed_at": "",
    "collapse": false,
    "completion": "",
    "constraints": [],
    "constraints_error": null,
    "constraints_passed": true,
    "constraints_results": {},
    "content": "",
    "created_at": "",
    "docname": "index",
    "doctype": ".rst",
    "duration": "",
    "external_css": "external_link",
    "external_url": null,
    "has_dead_links": false,
    "has_forbidden_dead_links": false,
    "hide": false,
    "id": "OTHER_2",
    "id_complete": "OTHER_2",
    "id_parent": "OTHER_2",
    "id_prefix": "",
    "is_external": false,
    "is_import": false,
    "is_modified": false,
    "is_need": true,
    "is_part": false,
    "jinja_content": false,
    "layout": null,
    "lineno": 43,
    "lineno_content": 47,
    "links": [],
    "links_back": [],
    "max_amount": "",
    "max_content_lines": "",
    "modifications": 0,
    "more_links": [
      "SP_TOO_001"
    ],
    "more_links_back": [],
    "other_links": [],
    "other_links_back": [],
    "params": "",
    "parent_need": null,
    "parent_needs": [],
    "parent_needs_back": [],
    "parts": {},
    "post_content": null,
    "post_template": null,
    "pre_content": null,
    "pre_template": null,
    "prefix": "",
    "query": "",
    "section_name": "NEED PARTS",
    "sections": [
      "NEED PARTS"
    ],
    "service": "",
    "signature": null,
    "specific": "",
    "status": null,
    "style": null,
    "tags": [],
    "template": null,
    "title": "Other 2",
    "type": "test",
    "type_color": "#DCB239",
    "type_name": "Test Case",
    "type_prefix": "TC_",
    "type_style": "node",
    "updated_at": "",
    "url": "",
    "url_postfix": "",
    "user": ""
  },
  "SP_TOO_001": {
    "arch": {},
    "avatar": "",
    "closed_at": "",
    "collapse": false,
    "completion": "",
    "constraints": [],
    "constraints_error": null,
    "constraints_passed": true,
    "constraints_results": {},
    "content": "The Tool awesome shall have a command line interface with following commands:\n\n* :need_part:`(1)exit()`\n* :need_part:`(2)start()`\n* :need_part:`(awesome_id)blub()`\n* :need_part:`(multiline_id)\n  has multi-lines`\n\n\n* :np:`unknown_id_1`\n* :np:`unknown_id_2`\n\n.. spec:: TEST_2\n    :id: TEST_2\n\n    Part in nested need: :need_part:`(nested_id)something`",
    "created_at": "",
    "docname": "index",
    "doctype": ".rst",
    "duration": "",
    "external_css": "external_link",
    "external_url": null,
    "has_dead_links": false,
    "has_forbidden_dead_links": false,
    "hide": false,
    "id": "SP_TOO_001",
    "id_complete": "SP_TOO_001",
    "id_parent": "SP_TOO_001",
    "id_prefix": "",
    "is_external": false,
    "is_import": false,
    "is_modified": false,
    "is_need": true,
    "is_part": false,
    "jinja_content": false,
    "layout": null,
    "lineno": 4,
    "lineno_content": 9,
    "links": [],
    "links_back": [
      "OTHER_1"
    ],
    "max_amount": "",
    "max_content_lines": "",
    "modifications": 0,
    "more_links": [],
    "more_links_back": [
      "OTHER_2"
    ],
    "other_links": [],
    "other_links_back": [
      "OTHER_1"
    ],
    "params": "",
    "parent_need": null,
    "parent_needs": [],
    "parent_needs_back": [
      "TEST_2"
    ],
    "parts": {
      "1": {
        "content": "exit()",
        "id": "1",
        "links": [],
        "links_back": [],
        "other_links_back": [
          "OTHER_1",
          "OTHER_1"
        ]
      },
      "2": {
        "content": "start()",
        "id": "2",
        "links": [],
        "links_back": []
      },
      "5DA": {
        "content": "unknown_id_1",
        "id": "5DA",
        "links": [],
        "links_back": []
      },
      "7FF": {
        "content": "unknown_id_2",
        "id": "7FF",
        "links": [],
        "links_back": []
      },
      "awesome_id": {
        "content": "blub()",
        "id": "awesome_id",
        "links": [],
        "links_back": []
      },
      "multiline_id": {
        "content": "\nhas multi-lines",
        "id": "multiline_id",
        "links": [],
        "links_back": []
      }
    },
    "post_content": null,
    "post_template": null,
    "pre_content": null,
    "pre_template": null,
    "prefix": "",
    "query": "",
    "section_name": "NEED PARTS",
    "sections": [
      "NEED PARTS"
    ],
    "service": "",
    "signature": null,
    "specific": "",
    "status": "implemented",
    "style": null,
    "tags": [
      "test",
      "test2"
    ],
    "template": null,
    "title": "Command line interface",
    "type": "spec",
    "type_color": "#FEDCD2",
    "type_name": "Specification",
    "type_prefix": "SP_",
    "type_style": "node",
    "updated_at": "",
    "url": "",
    "url_postfix": "",
    "user": ""
  },
  "SP_TOO_001.1": {
    "arch": {},
    "avatar": "",
    "closed_at": "",
    "collapse": false,
    "completion": "",
    "constraints": [],
    "constraints_error": null,
    "constraints_passed": true,
    "constraints_results": {},
    "content": "exit()",
    "created_at": "",
    "docname": "index",
    "doctype": ".rst",
    "duration": "",
    "external_css": "external_link",
    "external_url": null,
    "has_dead_links": false,
    "has_forbidden_dead_links": false,
    "hide": false,
    "id": "1",
    "id_complete": "SP_TOO_001.1",
    "id_parent": "SP_TOO_001",
    "id_prefix": "",
    "is_external": false,
    "is_import": false,
    "is_modified": false,
    "is_need": false,
    "is_part": true,
    "jinja_content": false,
    "layout": null,
    "lineno": 4,
    "lineno_content": 9,
    "links": [],
    "links_back": [],
    "max_amount": "",
    "max_content_lines": "",
    "modifications": 0,
    "more_links": [],
    "more_links_back": [
      "OTHER_2"
    ],
    "other_links": [],
    "other_links_back": [
      "OTHER_1",
      "OTHER_1"
    ],
    "params": "",
    "parent_need": null,
    "parent_needs": [],
    "parent_needs_back": [
      "TEST_2"
    ],
    "parts": {
      "1": {
        "content": "exit()",
        "id": "1",
        "links": [],
        "links_back": [],
        "other_links_back": [
          "OTHER_1",
          "OTHER_1"
        ]
      },
      "2": {
        "content": "start()",
        "id": "2",
        "links": [],
        "links_back": []
      },
      "5DA": {
        "content": "unknown_id_1",
        "id": "5DA",
        "links": [],
        "links_back": []
      },
      "7FF": {
        "content": "unknown_id_2",
        "id": "7FF",
        "links": [],
        "links_back": []
      },
      "awesome_id": {
        "content": "blub()",
        "id": "awesome_id",
        "links": [],
        "links_back": []
      },
      "multiline_id": {
        "content": "\nhas multi-lines",
        "id": "multiline_id",
        "links": [],
        "links_back": []
      }
    },
    "post_content": null,
    "post_template": null,
    "pre_content": null,
    "pre_template": null,
    "prefix": "",
    "query": "",
    "section_name": "NEED PARTS",
    "sections": [
      "NEED PARTS"
    ],
    "service": "",
    "signature": null,
    "specific": "",
    "status": "implemented",
    "style": null,
    "tags": [
      "test",
      "test2"
    ],
    "template": null,
    "title": "Command line interface",
    "type": "spec",
    "type_color": "#FEDCD2",
    "type_name": "Specification",
    "type_prefix": "SP_",
    "type_style": "node",
    "updated_at": "",
    "url": "",
    "url_postfix": "",
    "user": ""
  },
  "SP_TOO_001.2": {
    "arch": {},
    "avatar": "",
    "closed_at": "",
    "collapse": false,
    "completion": "",
    "constraints": [],
    "constraints_error": null,
    "constraints_passed": true,
    "constraints_results": {},
    "content": "start()",
    "created_at": "",
    "docname": "index",
    "doctype": ".rst",
    "duration": "",
    "external_css": "external_link",
    "external_url": null,
    "has_dead_links": false,
    "has_forbidden_dead_links": false,
    "hide": false,
    "id": "2",
    "id_complete": "SP_TOO_001.2",
    "id_parent": "SP_TOO_001",
    "id_prefix": "",
    "is_external": false,
    "is_import": false,
    "is_modified": false,
    "is_need": false,
    "is_part": true,
    "jinja_content": false,
    "layout": null,
    "lineno": 4,
    "lineno_content": 9,
    "links": [],
    "links_back": [],
    "max_amount": "",
    "max_content_lines": "",
    "modifications": 0,
    "more_links": [],
    "more_links_back": [
      "OTHER_2"
    ],
    "other_links": [],
    "other_links_back": [
      "OTHER_1"
    ],
    "params": "",
    "parent_need": null,
    "parent_needs": [],
    "parent_needs_back": [
      "TEST_2"
    ],
    "parts": {
      "1": {
        "content": "exit()",
        "id": "1",
        "links": [],
        "links_back": [],
        "other_links_back": [
          "OTHER_1",
          "OTHER_1"
        ]
      },
      "2": {
        "content": "start()",
        "id": "2",
        "links": [],
        "links_back": []
      },
      "5DA": {
        "content": "unknown_id_1",
        "id": "5DA",
        "links": [],
        "links_back": []
      },
      "7FF": {
        "content": "unknown_id_2",
        "id": "7FF",
        "links": [],
        "links_back": []
      },
      "awesome_id": {
        "content": "blub()",
        "id": "awesome_id",
        "links": [],
        "links_back": []
      },
      "multiline_id": {
        "content": "\nhas multi-lines",
        "id": "multiline_id",
        "links": [],
        "links_back": []
      }
    },
    "post_content": null,
    "post_template": null,
    "pre_content": null,
    "pre_template": null,
    "prefix": "",
    "query": "",
    "section_name": "NEED PARTS",
    "sections": [
      "NEED PARTS"
    ],
    "service": "",
    "signature": null,
    "specific": "",
    "status": "implemented",
    "style": null,
    "tags": [
      "test",
      "test2"
    ],
    "template": null,
    "title": "Command line interface",
    "type": "spec",
    "type_color": "#FEDCD2",
    "type_name": "Specification",
    "type_prefix": "SP_",
    "type_style": "node",
    "updated_at": "",
    "url": "",
    "url_postfix": "",
    "user": ""
  },
  "SP_TOO_001.5DA": {
    "arch": {},
    "avatar": "",
    "closed_at": "",
    "collapse": false,
    "completion": "",
    "constraints": [],
    "constraints_error": null,
    "constraints_passed": true,
    "constraints_results": {},
    "content": "unknown_id_1",
    "created_at": "",
    "docname": "index",
    "doctype": ".rst",
    "duration": "",
    "external_css": "external_link",
    "external_url": null,
    "has_dead_links": false,
    "has_forbidden_dead_links": false,
    "hide": false,
    "id": "5DA",
    "id_complete": "SP_TOO_001.5DA",
    "id_parent": "SP_TOO_001",
    "id_prefix": "",
    "is_external": false,
    "is_import": false,
    "is_modified": false,
    "is_need": false,
    "is_part": true,
    "jinja_content": false,
    "layout": null,
    "lineno": 4,
    "lineno_content": 9,
    "links": [],
    "links_back": [],
    "max_amount": "",
    "max_content_lines": "",
    "modifications": 0,
    "more_links": [],
    "more_links_back": [
      "OTHER_2"
    ],
    "other_links": [],
    "other_links_back": [
      "OTHER_1"
    ],
    "params": "",
    "parent_need": null,
    "parent_needs": [],
    "parent_needs_back": [
      "TEST_2"
    ],
    "parts": {
      "1": {
        "content": "exit()",
        "id": "1",
        "links": [],
        "links_back": [],
        "other_links_back": [
          "OTHER_1",
          "OTHER_1"
        ]
      },
      "2": {
        "content": "start()",
        "id": "2",
        "links": [],
        "links_back": []
      },
      "5DA": {
        "content": "unknown_id_1",
        "id": "5DA",
        "links": [],
        "links_back": []
      },
      "7FF": {
        "content": "unknown_id_2",
        "id": "7FF",
        "links": [],
        "links_back": []
      },
      "awesome_id": {
        "content": "blub()",
        "id": "awesome_id",
        "links": [],
        "links_back": []
      },
      "multiline_id": {
        "content": "\nhas multi-lines",
        "id": "multiline_id",
        "links": [],
        "links_back": []
      }
    },
    "post_content": null,
    "post_template": null,
    "pre_content": null,
    "pre_template": null,
    "prefix": "",
    "query": "",
    "section_name": "NEED PARTS",
    "sections": [
      "NEED PARTS"
    ],
    "service": "",
    "signature": null,
    "specific": "",
    "status": "implemented",
    "style": null,
    "tags": [
      "test",
      "test2"
    ],
    "template": null,
    "title": "Command line interface",
    "type": "spec",
    "type_color": "#FEDCD2",
    "type_name": "Specification",
    "type_prefix": "SP_",
    "type_style": "node",
    "updated_at": "",
    "url": "",
    "url_postfix": "",
    "user": ""
  },
  "SP_TOO_001.7FF": {
    "arch": {},
    "avatar": "",
    "closed_at": "",
    "collapse": false,
    "completion": "",
    "constraints": [],
    "constraints_error": null,
    "constraints_passed": true,
    "constraints_results": {},
    "content": "unknown_id_2",
    "created_at": "",
    "docname": "index",
    "doctype": ".rst",
    "duration": "",
    "external_css": "external_link",
    "external_url": null,
    "has_dead_links": false,
    "has_forbidden_dead_links": false,
    "hide": false,
    "id": "7FF",
    "id_complete": "SP_TOO_001.7FF",
    "id_parent": "SP_TOO_001",
    "id_prefix": "",
    "is_external": false,
    "is_import": false,
    "is_modified": false,
    "is_need": false,
    "is_part": true,
    "jinja_content": false,
    "layout": null,
    "lineno": 4,
    "lineno_content": 9,
    "links": [],
    "links_back": [],
    "max_amount": "",
    "max_content_lines": "",
    "modifications": 0,
    "more_links": [],
    "more_links_back": [
      "OTHER_2"
    ],
    "other_links": [],
    "other_links_back": [
      "OTHER_1"
    ],
    "params": "",
    "parent_need": null,
    "parent_needs": [],
    "parent_needs_back": [
      "TEST_2"
    ],
    "parts": {
      "1": {
        "content": "exit()",
        "id": "1",
        "links": [],
        "links_back": [],
        "other_links_back": [
          "OTHER_1",
          "OTHER_1"
        ]
      },
      "2": {
        "content": "start()",
        "id": "2",
        "links": [],
        "links_back": []
      },
      "5DA": {
        "content": "unknown_id_1",
        "id": "5DA",
        "links": [],
        "links_back": []
      },
      "7FF": {
        "content": "unknown_id_2",
        "id": "7FF",
        "links": [],
        "links_back": []
      },
      "awesome_id": {
        "content": "blub()",
        "id": "awesome_id",
        "links": [],
        "links_back": []
      },
      "multiline_id": {
        "content": "\nhas multi-lines",
        "id": "multiline_id",
        "links": [],
        "links_back": []
      }
    },
    "post_content": null,
    "post_template": null,
    "pre_content": null,
    "pre_template": null,
    "prefix": "",
    "query": "",
    "section_name": "NEED PARTS",
    "sections": [
      "NEED PARTS"
    ],
    "service": "",
    "signature": null,
    "specific": "",
    "status": "implemented",
    "style": null,
    "tags": [
      "test",
      "test2"
    ],
    "template": null,
    "title": "Command line interface",
    "type": "spec",
    "type_color": "#FEDCD2",
    "type_name": "Specification",
    "type_prefix": "SP_",
    "type_style": "node",
    "updated_at": "",
    "url": "",
    "url_postfix": "",
    "user": ""
  },
  "SP_TOO_001.awesome_id": {
    "arch": {},
    "avatar": "",
    "closed_at": "",
    "collapse": false,
    "completion": "",
    "constraints": [],
    "constraints_error": null,
    "constraints_passed": true,
    "constraints_results": {},
    "content": "blub()",
    "created_at": "",
    "docname": "index",
    "doctype": ".rst",
    "duration": "",
    "external_css": "external_link",
    "external_url": null,
    "has_dead_links": false,
    "has_forbidden_dead_links": false,
    "hide": false,
    "id": "awesome_id",
    "id_complete": "SP_TOO_001.awesome_id",
    "id_parent": "SP_TOO_001",
    "id_prefix": "",
    "is_external": false,
    "is_import": false,
    "is_modified": false,
    "is_need": false,
    "is_part": true,
    "jinja_content": false,
    "layout": null,
    "lineno": 4,
    "lineno_content": 9,
    "links": [],
    "links_back": [],
    "max_amount": "",
    "max_content_lines": "",
    "modifications": 0,
    "more_links": [],
    "more_links_back": [
      "OTHER_2"
    ],
    "other_links": [],
    "other_links_back": [
      "OTHER_1"
    ],
    "params": "",
    "parent_need": null,
    "parent_needs": [],
    "parent_needs_back": [
      "TEST_2"
    ],
    "parts": {
      "1": {
        "content": "exit()",
        "id": "1",
        "links": [],
        "links_back": [],
        "other_links_back": [
          "OTHER_1",
          "OTHER_1"
        ]
      },
      "2": {
        "content": "start()",
        "id": "2",
        "links": [],
        "links_back": []
      },
      "5DA": {
        "content": "unknown_id_1",
        "id": "5DA",
        "links": [],
        "links_back": []
      },
      "7FF": {
        "content": "unknown_id_2",
        "id": "7FF",
        "links": [],
        "links_back": []
      },
      "awesome_id": {
        "content": "blub()",
        "id": "awesome_id",
        "links": [],
        "links_back": []
      },
      "multiline_id": {
        "content": "\nhas multi-lines",
        "id": "multiline_id",
        "links": [],
        "links_back": []
      }
    },
    "post_content": null,
    "post_template": null,
    "pre_content": null,
    "pre_template": null,
    "prefix": "",
    "query": "",
    "section_name": "NEED PARTS",
    "sections": [
      "NEED PARTS"
    ],
    "service": "",
    "signature": null,
    "specific": "",
    "status": "implemented",
    "style": null,
    "tags": [
      "test",
      "test2"
    ],
    "template": null,
    "title": "Command line interface",
    "type": "spec",
    "type_color": "#FEDCD2",
    "type_name": "Specification",
    "type_prefix": "SP_",
    "type_style": "node",
    "updated_at": "",
    "url": "",
    "url_postfix": "",
    "user": ""
  },
  "SP_TOO_001.multiline_id": {
    "arch": {},
    "avatar": "",
    "closed_at": "",
    "collapse": false,
    "completion": "",
    "constraints": [],
    "constraints_error": null,
    "constraints_passed": true,
    "constraints_results": {},
    "content": "\nhas multi-lines",
    "created_at": "",
    "docname": "index",
    "doctype": ".rst",
    "duration": "",
    "external_css": "external_link",
    "external_url": null,
    "has_dead_links": false,
    "has_forbidden_dead_links": false,
    "hide": false,
    "id": "multiline_id",
    "id_complete": "SP_TOO_001.multiline_id",
    "id_parent": "SP_TOO_001",
    "id_prefix": "",
    "is_external": false,
    "is_import": false,
    "is_modified": false,
    "is_need": false,
    "is_part": true,
    "jinja_content": false,
    "layout": null,
    "lineno": 4,
    "lineno_content": 9,
    "links": [],
    "links_back": [],
    "max_amount": "",
    "max_content_lines": "",
    "modifications": 0,
    "more_links": [],
    "more_links_back": [
      "OTHER_2"
    ],
    "other_links": [],
    "other_links_back": [
      "OTHER_1"
    ],
    "params": "",
    "parent_need": null,
    "parent_needs": [],
    "parent_needs_back": [
      "TEST_2"
    ],
    "parts": {
      "1": {
        "content": "exit()",
        "id": "1",
        "links": [],
        "links_back": [],
        "other_links_back": [
          "OTHER_1",
          "OTHER_1"
        ]
      },
      "2": {
        "content": "start()",
        "id": "2",
        "links": [],
        "links_back": []
      },
      "5DA": {
        "content": "unknown_id_1",
        "id": "5DA",
        "links": [],
        "links_back": []
      },
      "7FF": {
        "content": "unknown_id_2",
        "id": "7FF",
        "links": [],
        "links_back": []
      },
      "awesome_id": {
        "content": "blub()",
        "id": "awesome_id",
        "links": [],
        "links_back": []
      },
      "multiline_id": {
        "content": "\nhas multi-lines",
        "id": "multiline_id",
        "links": [],
        "links_back": []
      }
    },
    "post_content": null,
    "post_template": null,
    "pre_content": null,
    "pre_template": null,
    "prefix": "",
    "query": "",
    "section_name": "NEED PARTS",
    "sections": [
      "NEED PARTS"
    ],
    "service": "",
    "signature": null,
    "specific": "",
    "status": "implemented",
    "style": null,
    "tags": [
      "test",
      "test2"
    ],
    "template": null,
    "title": "Command line interface",
    "type": "spec",
    "type_color": "#FEDCD2",
    "type_name": "Specification",
    "type_prefix": "SP_",
    "type_style": "node",
    "updated_at": "",
    "url": "",
    "url_postfix": "",
    "user": ""
  },
  "TEST_2": {
    "arch": {},
    "avatar": "",
    "closed_at": "",
    "collapse": false,
    "completion": "",
    "constraints": [],
    "constraints_error": null,
    "constraints_passed": true,
    "constraints_results": {},
    "content": "Part in nested need: :need_part:`(nested_id)something`",
    "created_at": "",
    "docname": "index",
    "doctype": ".rst",
    "duration": "",
    "external_css": "external_link",
    "external_url": null,
    "has_dead_links": false,
    "has_forbidden_dead_links": false,
    "hide": false,
    "id": "TEST_2",
    "id_complete": "TEST_2",
    "id_parent": "TEST_2",
    "id_prefix": "",
    "is_external": false,
    "is_import": false,
    "is_modified": false,
    "is_need": true,
    "is_part": false,
    "jinja_content": false,
    "layout": null,
    "lineno": 21,
    "lineno_content": 24,
    "links": [],
    "links_back": [],
    "max_amount": "",
    "max_content_lines": "",
    "modifications": 0,
    "more_links": [],
    "more_links_back": [],
    "other_links": [],
    "other_links_back": [],
    "params": "",
    "parent_need": "SP_TOO_001",
    "parent_needs": [
      "SP_TOO_001"
    ],
    "parent_needs_back": [],
    "parts": {
      "nested_id": {
        "content": "something",
        "id": "nested_id",
        "links": [],
        "links_back": []
      }
    },
    "post_content": null,
    "post_template": null,
    "pre_content": null,
    "pre_template": null,
    "prefix": "",
    "query": "",
    "section_name": "NEED PARTS",
    "sections": [
      "NEED PARTS"
    ],
    "service": "",
    "signature": null,
    "specific": "",
    "status": null,
    "style": null,
    "tags": [],
    "template": null,
    "title": "TEST_2",
    "type": "spec",
    "type_color": "#FEDCD2",
    "type_name": "Specification",
    "type_prefix": "SP_",
    "type_style": "node",
    "updated_at": "",
    "url": "",
    "url_postfix": "",
    "user": ""
  },
  "TEST_2.nested_id": {
    "arch": {},
    "avatar": "",
    "closed_at": "",
    "collapse": false,
    "completion": "",
    "constraints": [],
    "constraints_error": null,
    "constraints_passed": true,
    "constraints_results": {},
    "content": "something",
    "created_at": "",
    "docname": "index",
    "doctype": ".rst",
    "duration": "",
    "external_css": "external_link",
    "external_url": null,
    "has_dead_links": false,
    "has_forbidden_dead_links": false,
    "hide": false,
    "id": "nested_id",
    "id_complete": "TEST_2.nested_id",
    "id_parent": "TEST_2",
    "id_prefix": "",
    "is_external": false,
    "is_import": false,
    "is_modified": false,
    "is_need": false,
    "is_part": true,
    "jinja_content": false,
    "layout": null,
    "lineno": 21,
    "lineno_content": 24,
    "links": [],
    "links_back": [],
    "max_amount": "",
    "max_content_lines": "",
    "modifications": 0,
    "more_links": [],
    "more_links_back": [],
    "other_links": [],
    "other_links_back": [],
    "params": "",
    "parent_need": "SP_TOO_001",
    "parent_needs": [
      "SP_TOO_001"
    ],
    "parent_needs_back": [],
    "parts": {
      "nested_id": {
        "content": "something",
        "id": "nested_id",
        "links": [],
        "links_back": []
      }
    },
    "post_content": null,
    "post_template": null,
    "pre_content": null,
    "pre_template": null,
    "prefix": "",
    "query": "",
    "section_name": "NEED PARTS",
    "sections": [
      "NEED PARTS"
    ],
    "service": "",
    "signature": null,
    "specific": "",
    "status": null,
    "style": null,
    "tags": [],
    "template": null,
    "title": "TEST_2",
    "type": "spec",
    "type_color": "#FEDCD2",
    "type_name": "Specification",
    "type_prefix": "SP_",
    "type_style": "node",
    "updated_at": "",
    "url": "",
    "url_postfix": "",
    "user": ""
  }
}
