# serializer version: 1
# name: test_doc_needextend_html[test_app0]
  dict({
    'current_version': '',
    'project': 'Python',
    'versions': dict({
      '': dict({
        'filters': dict({
        }),
        'filters_amount': 0,
        'needs': dict({
          'extend_test_003': dict({
            'arch': dict({
            }),
            'avatar': '',
            'closed_at': '',
            'completion': '',
            'constraints': list([
            ]),
            'constraints_passed': True,
            'constraints_results': dict({
            }),
            'content_id': 'extend_test_003',
            'created_at': '',
            'delete': None,
            'description': '''
              Had no outgoing links.
              Got an outgoing link ``extend_test_004``.
            ''',
            'docname': 'index',
            'doctype': '.rst',
            'duration': '',
            'external_css': 'external_link',
            'external_url': None,
            'full_title': 'needextend Example 3',
            'has_dead_links': '',
            'has_forbidden_dead_links': '',
            'hidden': '',
            'id': 'extend_test_003',
            'id_prefix': '',
            'is_external': False,
            'is_modified': True,
            'is_need': True,
            'is_part': False,
            'jinja_content': None,
            'layout': '',
            'links': list([
              'extend_test_004',
            ]),
            'max_amount': '',
            'max_content_lines': '',
            'modifications': 1,
            'params': '',
            'parent_need': '',
            'parent_needs': list([
            ]),
            'parent_needs_back': list([
            ]),
            'parts': dict({
            }),
            'post_template': None,
            'pre_template': None,
            'prefix': '',
            'query': '',
            'section_name': 'Need extend',
            'sections': list([
              'Need extend',
            ]),
            'service': '',
            'signature': '',
            'specific': '',
            'status': None,
            'style': None,
            'tags': list([
            ]),
            'target_id': 'extend_test_003',
            'template': None,
            'title': 'needextend Example 3',
            'type': 'story',
            'type_name': 'User Story',
            'updated_at': '',
            'url': '',
            'url_postfix': '',
            'user': '',
          }),
          'extend_test_004': dict({
            'arch': dict({
            }),
            'avatar': '',
            'closed_at': '',
            'completion': '',
            'constraints': list([
            ]),
            'constraints_passed': True,
            'constraints_results': dict({
            }),
            'content_id': 'extend_test_004',
            'created_at': '',
            'delete': None,
            'description': '''
              Had no links.
              Got an incoming links ``extend_test_003`` and ``extend_test_006``.
            ''',
            'docname': 'index',
            'doctype': '.rst',
            'duration': '',
            'external_css': 'external_link',
            'external_url': None,
            'full_title': 'needextend Example 4',
            'has_dead_links': '',
            'has_forbidden_dead_links': '',
            'hidden': '',
            'id': 'extend_test_004',
            'id_prefix': '',
            'is_external': False,
            'is_modified': False,
            'is_need': True,
            'is_part': False,
            'jinja_content': None,
            'layout': '',
            'links': list([
            ]),
            'max_amount': '',
            'max_content_lines': '',
            'modifications': 0,
            'params': '',
            'parent_need': '',
            'parent_needs': list([
            ]),
            'parent_needs_back': list([
            ]),
            'parts': dict({
            }),
            'post_template': None,
            'pre_template': None,
            'prefix': '',
            'query': '',
            'section_name': 'Need extend',
            'sections': list([
              'Need extend',
            ]),
            'service': '',
            'signature': '',
            'specific': '',
            'status': None,
            'style': None,
            'tags': list([
            ]),
            'target_id': 'extend_test_004',
            'template': None,
            'title': 'needextend Example 4',
            'type': 'story',
            'type_name': 'User Story',
            'updated_at': '',
            'url': '',
            'url_postfix': '',
            'user': '',
          }),
          'extend_test_005': dict({
            'arch': dict({
            }),
            'avatar': '',
            'closed_at': '',
            'completion': '',
            'constraints': list([
            ]),
            'constraints_passed': True,
            'constraints_results': dict({
            }),
            'content_id': 'extend_test_005',
            'created_at': '',
            'delete': None,
            'description': '''
              Had the two links: ``extend_test_003`` and ``extend_test_004``.
              Both got deleted.
            ''',
            'docname': 'index',
            'doctype': '.rst',
            'duration': '',
            'external_css': 'external_link',
            'external_url': None,
            'full_title': 'needextend Example 5',
            'has_dead_links': '',
            'has_forbidden_dead_links': '',
            'hidden': '',
            'id': 'extend_test_005',
            'id_prefix': '',
            'is_external': False,
            'is_modified': True,
            'is_need': True,
            'is_part': False,
            'jinja_content': None,
            'layout': '',
            'links': list([
            ]),
            'max_amount': '',
            'max_content_lines': '',
            'modifications': 1,
            'params': '',
            'parent_need': '',
            'parent_needs': list([
            ]),
            'parent_needs_back': list([
            ]),
            'parts': dict({
            }),
            'post_template': None,
            'pre_template': None,
            'prefix': '',
            'query': '',
            'section_name': 'Need extend',
            'sections': list([
              'Need extend',
            ]),
            'service': '',
            'signature': '',
            'specific': '',
            'status': None,
            'style': None,
            'tags': list([
            ]),
            'target_id': 'extend_test_005',
            'template': None,
            'title': 'needextend Example 5',
            'type': 'story',
            'type_name': 'User Story',
            'updated_at': '',
            'url': '',
            'url_postfix': '',
            'user': '',
          }),
          'extend_test_006': dict({
            'arch': dict({
            }),
            'avatar': '',
            'closed_at': '',
            'completion': '',
            'constraints': list([
            ]),
            'constraints_passed': True,
            'constraints_results': dict({
            }),
            'content_id': 'extend_test_006',
            'created_at': '',
            'delete': None,
            'description': 'Had the link ``extend_test_003``, got another one ``extend_test_004``.',
            'docname': 'index',
            'doctype': '.rst',
            'duration': '',
            'external_css': 'external_link',
            'external_url': None,
            'full_title': 'needextend Example 6',
            'has_dead_links': '',
            'has_forbidden_dead_links': '',
            'hidden': '',
            'id': 'extend_test_006',
            'id_prefix': '',
            'is_external': False,
            'is_modified': True,
            'is_need': True,
            'is_part': False,
            'jinja_content': None,
            'layout': '',
            'links': list([
              'extend_test_003',
              'extend_test_004',
            ]),
            'max_amount': '',
            'max_content_lines': '',
            'modifications': 2,
            'params': '',
            'parent_need': '',
            'parent_needs': list([
            ]),
            'parent_needs_back': list([
            ]),
            'parts': dict({
            }),
            'post_template': None,
            'pre_template': None,
            'prefix': '',
            'query': '',
            'section_name': 'Need extend',
            'sections': list([
              'Need extend',
            ]),
            'service': '',
            'signature': '',
            'specific': '',
            'status': None,
            'style': None,
            'tags': list([
            ]),
            'target_id': 'extend_test_006',
            'template': None,
            'title': 'needextend Example 6',
            'type': 'story',
            'type_name': 'User Story',
            'updated_at': '',
            'url': '',
            'url_postfix': '',
            'user': '',
          }),
          'extend_test_007': dict({
            'arch': dict({
            }),
            'avatar': '',
            'closed_at': '',
            'completion': '',
            'constraints': list([
            ]),
            'constraints_passed': True,
            'constraints_results': dict({
            }),
            'content_id': 'extend_test_007',
            'created_at': '',
            'delete': None,
            'description': '',
            'docname': 'index',
            'doctype': '.rst',
            'duration': '',
            'external_css': 'external_link',
            'external_url': None,
            'full_title': 'needextend Example 7',
            'has_dead_links': '',
            'has_forbidden_dead_links': '',
            'hidden': '',
            'id': 'extend_test_007',
            'id_prefix': '',
            'is_external': False,
            'is_modified': True,
            'is_need': True,
            'is_part': False,
            'jinja_content': None,
            'layout': '',
            'links': list([
              'extend_test_003',
              'extend_test_004',
              'extend_test_005',
            ]),
            'max_amount': '',
            'max_content_lines': '',
            'modifications': 1,
            'params': '',
            'parent_need': '',
            'parent_needs': list([
            ]),
            'parent_needs_back': list([
            ]),
            'parts': dict({
            }),
            'post_template': None,
            'pre_template': None,
            'prefix': '',
            'query': '',
            'section_name': 'Need extend',
            'sections': list([
              'Need extend',
            ]),
            'service': '',
            'signature': '',
            'specific': '',
            'status': None,
            'style': None,
            'tags': list([
            ]),
            'target_id': 'extend_test_007',
            'template': None,
            'title': 'needextend Example 7',
            'type': 'story',
            'type_name': 'User Story',
            'updated_at': '',
            'url': '',
            'url_postfix': '',
            'user': '',
          }),
          'extend_test_page': dict({
            'arch': dict({
            }),
            'avatar': '',
            'closed_at': '',
            'completion': '',
            'constraints': list([
            ]),
            'constraints_passed': True,
            'constraints_results': dict({
            }),
            'content_id': 'extend_test_page',
            'created_at': '',
            'delete': None,
            'description': '',
            'docname': 'page_1',
            'doctype': '.rst',
            'duration': '',
            'external_css': 'external_link',
            'external_url': None,
            'full_title': 'needextend different pages test',
            'has_dead_links': '',
            'has_forbidden_dead_links': '',
            'hidden': '',
            'id': 'extend_test_page',
            'id_prefix': '',
            'is_external': False,
            'is_modified': True,
            'is_need': True,
            'is_part': False,
            'jinja_content': None,
            'layout': '',
            'links': list([
            ]),
            'max_amount': '',
            'max_content_lines': '',
            'modifications': 2,
            'params': '',
            'parent_need': '',
            'parent_needs': list([
            ]),
            'parent_needs_back': list([
            ]),
            'parts': dict({
            }),
            'post_template': None,
            'pre_template': None,
            'prefix': '',
            'query': '',
            'section_name': 'need objects',
            'sections': list([
              'need objects',
            ]),
            'service': '',
            'signature': '',
            'specific': '',
            'status': 'closed',
            'style': None,
            'tags': list([
              'tag_1',
              'new_tag',
              'another_tag',
            ]),
            'target_id': 'extend_test_page',
            'template': None,
            'title': 'needextend different pages test',
            'type': 'story',
            'type_name': 'User Story',
            'updated_at': '',
            'url': '',
            'url_postfix': '',
            'user': '',
          }),
        }),
        'needs_amount': 6,
      }),
    }),
  })
# ---
