# serializer version: 1
# name: test_build_needs[test_app0]
  dict({
    'current_version': '',
    'project': 'Python',
    'versions': dict({
      '': dict({
        'filters': dict({
        }),
        'filters_amount': 0,
        'needs': dict({
          'ST_001': dict({
            'arch': dict({
            }),
            'avatar': '',
            'closed_at': '',
            'completion': '',
            'constraints': list([
            ]),
            'constraints_passed': True,
            'constraints_results': dict({
            }),
            'content_id': 'ST_001',
            'created_at': '',
            'delete': None,
            'description': '',
            'docname': 'index',
            'doctype': '.rst',
            'duration': '',
            'external_css': 'external_link',
            'external_url': None,
            'full_title': 'Test story',
            'has_dead_links': '',
            'has_forbidden_dead_links': '',
            'hidden': '',
            'id': 'ST_001',
            'id_prefix': '',
            'is_external': False,
            'is_modified': False,
            'is_need': True,
            'is_part': False,
            'jinja_content': None,
            'layout': '',
            'links': list([
            ]),
            'max_amount': '',
            'max_content_lines': '',
            'modifications': 0,
            'params': '',
            'parent_need': '',
            'parent_needs': list([
            ]),
            'parts': dict({
            }),
            'post_template': None,
            'pre_template': None,
            'prefix': '',
            'query': '',
            'section_name': 'Welcome to basic test’s documentation!',
            'sections': list([
              'Welcome to basic test’s documentation!',
            ]),
            'service': '',
            'signature': '',
            'specific': '',
            'status': 'open',
            'style': None,
            'tags': list([
            ]),
            'target_id': 'ST_001',
            'template': None,
            'title': 'Test story',
            'type': 'story',
            'type_name': 'User Story',
            'updated_at': '',
            'url': '',
            'url_postfix': '',
            'user': '',
          }),
          'US_38823': dict({
            'arch': dict({
            }),
            'avatar': '',
            'closed_at': '',
            'completion': '',
            'constraints': list([
            ]),
            'constraints_passed': True,
            'constraints_results': dict({
            }),
            'content_id': 'US_38823',
            'created_at': '',
            'delete': None,
            'description': '',
            'docname': 'index',
            'doctype': '.rst',
            'duration': '',
            'external_css': 'external_link',
            'external_url': None,
            'full_title': 'No ID',
            'has_dead_links': '',
            'has_forbidden_dead_links': '',
            'hidden': '',
            'id': 'US_38823',
            'id_prefix': '',
            'is_external': False,
            'is_modified': False,
            'is_need': True,
            'is_part': False,
            'jinja_content': None,
            'layout': '',
            'links': list([
            ]),
            'max_amount': '',
            'max_content_lines': '',
            'modifications': 0,
            'params': '',
            'parent_need': '',
            'parent_needs': list([
            ]),
            'parts': dict({
            }),
            'post_template': None,
            'pre_template': None,
            'prefix': '',
            'query': '',
            'section_name': 'Welcome to basic test’s documentation!',
            'sections': list([
              'Welcome to basic test’s documentation!',
            ]),
            'service': '',
            'signature': '',
            'specific': '',
            'status': 'open',
            'style': None,
            'tags': list([
            ]),
            'target_id': 'US_38823',
            'template': None,
            'title': 'No ID',
            'type': 'story',
            'type_name': 'User Story',
            'updated_at': '',
            'url': '',
            'url_postfix': '',
            'user': '',
          }),
        }),
        'needs_amount': 2,
      }),
    }),
  })
# ---
