# serializer version: 1
# name: test_need_constraints[test_app0]
  dict({
    'current_version': '',
    'project': 'Python',
    'versions': dict({
      '': dict({
        'filters': dict({
        }),
        'filters_amount': 0,
        'needs': dict({
          'SECURITY_REQ': dict({
            'arch': dict({
            }),
            'avatar': '',
            'closed_at': '',
            'completion': '',
            'constraints': list([
            ]),
            'constraints_passed': True,
            'constraints_results': dict({
            }),
            'content_id': 'SECURITY_REQ',
            'created_at': '',
            'delete': None,
            'description': 'This is a requirement describing OPSEC processes.',
            'docname': 'index',
            'doctype': '.rst',
            'duration': '',
            'external_css': 'external_link',
            'external_url': None,
            'full_title': 'test1',
            'has_dead_links': '',
            'has_forbidden_dead_links': '',
            'hidden': '',
            'id': 'SECURITY_REQ',
            'id_prefix': '',
            'is_external': False,
            'is_modified': False,
            'is_need': True,
            'is_part': False,
            'jinja_content': None,
            'layout': '',
            'links': list([
            ]),
            'max_amount': '',
            'max_content_lines': '',
            'modifications': 0,
            'params': '',
            'parent_need': '',
            'parent_needs': list([
            ]),
            'parts': dict({
            }),
            'post_template': None,
            'pre_template': None,
            'prefix': '',
            'query': '',
            'section_name': 'TEST DOCUMENT NEEDS CONSTRAINTS',
            'sections': list([
              'TEST DOCUMENT NEEDS CONSTRAINTS',
            ]),
            'service': '',
            'signature': '',
            'specific': '',
            'status': None,
            'style': None,
            'tags': list([
            ]),
            'target_id': 'SECURITY_REQ',
            'template': None,
            'title': 'test1',
            'type': 'spec',
            'type_name': 'Specification',
            'updated_at': '',
            'url': '',
            'url_postfix': '',
            'user': '',
          }),
          'SP_109F4': dict({
            'arch': dict({
            }),
            'avatar': '',
            'closed_at': '',
            'completion': '',
            'constraints': list([
              'critical',
            ]),
            'constraints_passed': True,
            'constraints_results': dict({
              'critical': dict({
                'check_0': True,
              }),
            }),
            'content_id': 'SP_109F4',
            'created_at': '',
            'delete': None,
            'description': 'Example of a successful constraint.',
            'docname': 'index',
            'doctype': '.rst',
            'duration': '',
            'external_css': 'external_link',
            'external_url': None,
            'full_title': 'test2',
            'has_dead_links': '',
            'has_forbidden_dead_links': '',
            'hidden': '',
            'id': 'SP_109F4',
            'id_prefix': '',
            'is_external': False,
            'is_modified': False,
            'is_need': True,
            'is_part': False,
            'jinja_content': None,
            'layout': '',
            'links': list([
              'SECURITY_REQ',
            ]),
            'max_amount': '',
            'max_content_lines': '',
            'modifications': 0,
            'params': '',
            'parent_need': '',
            'parent_needs': list([
            ]),
            'parts': dict({
            }),
            'post_template': None,
            'pre_template': None,
            'prefix': '',
            'query': '',
            'section_name': 'TEST DOCUMENT NEEDS CONSTRAINTS',
            'sections': list([
              'TEST DOCUMENT NEEDS CONSTRAINTS',
            ]),
            'service': '',
            'signature': '',
            'specific': '',
            'status': None,
            'style': None,
            'tags': list([
              'critical',
            ]),
            'target_id': 'SP_109F4',
            'template': None,
            'title': 'test2',
            'type': 'spec',
            'type_name': 'Specification',
            'updated_at': '',
            'url': '',
            'url_postfix': '',
            'user': '',
          }),
          'SP_3EBFA': dict({
            'arch': dict({
            }),
            'avatar': '',
            'closed_at': '',
            'completion': '',
            'constraints': list([
              'critical',
            ]),
            'constraints_error': 'need SP_3EBFA does not fulfill CRITICAL constraint, because tags are []',
            'constraints_passed': False,
            'constraints_results': dict({
              'critical': dict({
                'check_0': False,
              }),
            }),
            'content_id': 'SP_3EBFA',
            'created_at': '',
            'delete': None,
            'description': 'Example of a failed constraint.',
            'docname': 'index',
            'doctype': '.rst',
            'duration': '',
            'external_css': 'external_link',
            'external_url': None,
            'full_title': 'test3',
            'has_dead_links': '',
            'has_forbidden_dead_links': '',
            'hidden': '',
            'id': 'SP_3EBFA',
            'id_prefix': '',
            'is_external': False,
            'is_modified': False,
            'is_need': True,
            'is_part': False,
            'jinja_content': None,
            'layout': 'debug',
            'links': list([
              'SECURITY_REQ',
            ]),
            'max_amount': '',
            'max_content_lines': '',
            'modifications': 0,
            'params': '',
            'parent_need': '',
            'parent_needs': list([
            ]),
            'parts': dict({
            }),
            'post_template': None,
            'pre_template': None,
            'prefix': '',
            'query': '',
            'section_name': 'TEST DOCUMENT NEEDS CONSTRAINTS',
            'sections': list([
              'TEST DOCUMENT NEEDS CONSTRAINTS',
            ]),
            'service': '',
            'signature': '',
            'specific': '',
            'status': None,
            'style': 'red_bar',
            'tags': list([
            ]),
            'target_id': 'SP_3EBFA',
            'template': None,
            'title': 'test3',
            'type': 'spec',
            'type_name': 'Specification',
            'updated_at': '',
            'url': '',
            'url_postfix': '',
            'user': '',
          }),
          'SP_CA3FB': dict({
            'arch': dict({
            }),
            'avatar': '',
            'closed_at': '',
            'completion': '',
            'constraints': list([
              'team',
            ]),
            'constraints_passed': False,
            'constraints_results': dict({
              'team': dict({
                'check_0': False,
              }),
            }),
            'content_id': 'SP_CA3FB',
            'created_at': '',
            'delete': None,
            'description': 'Example of a failed constraint with medium severity. Note the style from :ref:`needs_constraint_failed_options`',
            'docname': 'index',
            'doctype': '.rst',
            'duration': '',
            'external_css': 'external_link',
            'external_url': None,
            'full_title': 'FAIL_01',
            'has_dead_links': '',
            'has_forbidden_dead_links': '',
            'hidden': '',
            'id': 'SP_CA3FB',
            'id_prefix': '',
            'is_external': False,
            'is_modified': False,
            'is_need': True,
            'is_part': False,
            'jinja_content': None,
            'layout': '',
            'links': list([
            ]),
            'max_amount': '',
            'max_content_lines': '',
            'modifications': 0,
            'params': '',
            'parent_need': '',
            'parent_needs': list([
            ]),
            'parts': dict({
            }),
            'post_template': None,
            'pre_template': None,
            'prefix': '',
            'query': '',
            'section_name': 'TEST DOCUMENT NEEDS CONSTRAINTS',
            'sections': list([
              'TEST DOCUMENT NEEDS CONSTRAINTS',
            ]),
            'service': '',
            'signature': '',
            'specific': '',
            'status': None,
            'style': 'yellow_bar,',
            'tags': list([
            ]),
            'target_id': 'SP_CA3FB',
            'template': None,
            'title': 'FAIL_01',
            'type': 'spec',
            'type_name': 'Specification',
            'updated_at': '',
            'url': '',
            'url_postfix': '',
            'user': '',
          }),
          'SP_TOO_001': dict({
            'arch': dict({
            }),
            'avatar': '',
            'closed_at': '',
            'completion': '',
            'constraints': list([
            ]),
            'constraints_passed': True,
            'constraints_results': dict({
            }),
            'content_id': 'SP_TOO_001',
            'created_at': '',
            'delete': None,
            'description': 'The Tool awesome shall have a command line interface.',
            'docname': 'index',
            'doctype': '.rst',
            'duration': '',
            'external_css': 'external_link',
            'external_url': None,
            'full_title': 'Command line interface',
            'has_dead_links': '',
            'has_forbidden_dead_links': '',
            'hidden': '',
            'id': 'SP_TOO_001',
            'id_prefix': '',
            'is_external': False,
            'is_modified': False,
            'is_need': True,
            'is_part': False,
            'jinja_content': None,
            'layout': '',
            'links': list([
            ]),
            'max_amount': '',
            'max_content_lines': '',
            'modifications': 0,
            'params': '',
            'parent_need': '',
            'parent_needs': list([
            ]),
            'parts': dict({
            }),
            'post_template': None,
            'pre_template': None,
            'prefix': '',
            'query': '',
            'section_name': 'TEST DOCUMENT NEEDS CONSTRAINTS',
            'sections': list([
              'TEST DOCUMENT NEEDS CONSTRAINTS',
            ]),
            'service': '',
            'signature': '',
            'specific': '',
            'status': 'implemented',
            'style': None,
            'tags': list([
              'test',
              'test2',
            ]),
            'target_id': 'SP_TOO_001',
            'template': None,
            'title': 'Command line interface',
            'type': 'spec',
            'type_name': 'Specification',
            'updated_at': '',
            'url': '',
            'url_postfix': '',
            'user': '',
          }),
          'SP_TOO_002': dict({
            'arch': dict({
            }),
            'avatar': '',
            'closed_at': '',
            'completion': '',
            'constraints': list([
              'critical',
            ]),
            'constraints_error': "need SP_TOO_002 does not fulfill CRITICAL constraint, because tags are ['hello', 'there']",
            'constraints_passed': False,
            'constraints_results': dict({
              'critical': dict({
                'check_0': False,
              }),
            }),
            'content_id': 'SP_TOO_002',
            'created_at': '',
            'delete': None,
            'description': 'asdf',
            'docname': 'index',
            'doctype': '.rst',
            'duration': '',
            'external_css': 'external_link',
            'external_url': None,
            'full_title': 'CLI',
            'has_dead_links': '',
            'has_forbidden_dead_links': '',
            'hidden': '',
            'id': 'SP_TOO_002',
            'id_prefix': '',
            'is_external': False,
            'is_modified': False,
            'is_need': True,
            'is_part': False,
            'jinja_content': None,
            'layout': '',
            'links': list([
            ]),
            'max_amount': '',
            'max_content_lines': '',
            'modifications': 0,
            'params': '',
            'parent_need': '',
            'parent_needs': list([
            ]),
            'parts': dict({
            }),
            'post_template': None,
            'pre_template': None,
            'prefix': '',
            'query': '',
            'section_name': 'TEST DOCUMENT NEEDS CONSTRAINTS',
            'sections': list([
              'TEST DOCUMENT NEEDS CONSTRAINTS',
            ]),
            'service': '',
            'signature': '',
            'specific': '',
            'status': 'dev',
            'style': 'red_bar',
            'tags': list([
              'hello',
              'there',
            ]),
            'target_id': 'SP_TOO_002',
            'template': None,
            'title': 'CLI',
            'type': 'spec',
            'type_name': 'Specification',
            'updated_at': '',
            'url': '',
            'url_postfix': '',
            'user': '',
          }),
          'TEST_STYLE': dict({
            'arch': dict({
            }),
            'avatar': '',
            'closed_at': '',
            'completion': '',
            'constraints': list([
              'critical',
            ]),
            'constraints_error': 'need TEST_STYLE does not fulfill CRITICAL constraint, because tags are []',
            'constraints_passed': False,
            'constraints_results': dict({
              'critical': dict({
                'check_0': False,
              }),
            }),
            'content_id': 'TEST_STYLE',
            'created_at': '',
            'delete': None,
            'description': '',
            'docname': 'style_test',
            'doctype': '.rst',
            'duration': '',
            'external_css': 'external_link',
            'external_url': None,
            'full_title': 'CLI',
            'has_dead_links': '',
            'has_forbidden_dead_links': '',
            'hidden': '',
            'id': 'TEST_STYLE',
            'id_prefix': '',
            'is_external': False,
            'is_modified': False,
            'is_need': True,
            'is_part': False,
            'jinja_content': None,
            'layout': '',
            'links': list([
            ]),
            'max_amount': '',
            'max_content_lines': '',
            'modifications': 0,
            'params': '',
            'parent_need': '',
            'parent_needs': list([
            ]),
            'parts': dict({
            }),
            'post_template': None,
            'pre_template': None,
            'prefix': '',
            'query': '',
            'section_name': 'TEST DOCUMENT NEEDS CONSTRAINTS',
            'sections': list([
              'TEST DOCUMENT NEEDS CONSTRAINTS',
            ]),
            'service': '',
            'signature': '',
            'specific': '',
            'status': None,
            'style': 'red_bar',
            'tags': list([
            ]),
            'target_id': 'TEST_STYLE',
            'template': None,
            'title': 'CLI',
            'type': 'spec',
            'type_name': 'Specification',
            'updated_at': '',
            'url': '',
            'url_postfix': '',
            'user': '',
          }),
          'TEST_STYLE2': dict({
            'arch': dict({
            }),
            'avatar': '',
            'closed_at': '',
            'completion': '',
            'constraints': list([
              'team',
            ]),
            'constraints_passed': False,
            'constraints_results': dict({
              'team': dict({
                'check_0': False,
              }),
            }),
            'content_id': 'TEST_STYLE2',
            'created_at': '',
            'delete': None,
            'description': '',
            'docname': 'style_test',
            'doctype': '.rst',
            'duration': '',
            'external_css': 'external_link',
            'external_url': None,
            'full_title': 'CLI2',
            'has_dead_links': '',
            'has_forbidden_dead_links': '',
            'hidden': '',
            'id': 'TEST_STYLE2',
            'id_prefix': '',
            'is_external': False,
            'is_modified': False,
            'is_need': True,
            'is_part': False,
            'jinja_content': None,
            'layout': '',
            'links': list([
            ]),
            'max_amount': '',
            'max_content_lines': '',
            'modifications': 0,
            'params': '',
            'parent_need': '',
            'parent_needs': list([
            ]),
            'parts': dict({
            }),
            'post_template': None,
            'pre_template': None,
            'prefix': '',
            'query': '',
            'section_name': 'TEST DOCUMENT NEEDS CONSTRAINTS',
            'sections': list([
              'TEST DOCUMENT NEEDS CONSTRAINTS',
            ]),
            'service': '',
            'signature': '',
            'specific': '',
            'status': None,
            'style': 'blue_border, yellow_bar',
            'tags': list([
            ]),
            'target_id': 'TEST_STYLE2',
            'template': None,
            'title': 'CLI2',
            'type': 'spec',
            'type_name': 'Specification',
            'updated_at': '',
            'url': '',
            'url_postfix': '',
            'user': '',
          }),
        }),
        'needs_amount': 8,
      }),
    }),
  })
# ---
