# serializer version: 1
# name: test_section_is_usable_in_filters[test_app0]
  dict({
    'R_12345': dict({
      'content': 'The Tool **shall** have a command line interface.',
      'docname': 'index',
      'external_css': 'external_link',
      'full_title': 'Command line interface',
      'id': 'R_12345',
      'impacts': 'component_a',
      'introduced': '1.0.0',
      'layout': '',
      'lineno': 9,
      'section_name': '1.1 First Section',
      'sections': list([
        '1.1 First Section',
        '1 TEST DOCUMENT',
      ]),
      'tags': list([
        'test',
        'test2',
      ]),
      'title': 'Command line interface',
      'type': 'req',
      'type_name': 'Requirement',
      'updated': '1.5.1',
    }),
    'R_12346': dict({
      'content': 'The Tool **shall** have a command line interface.',
      'docname': 'index',
      'external_css': 'external_link',
      'full_title': 'Another Requirement',
      'id': 'R_12346',
      'impacts': 'component_b',
      'introduced': '1.1.1',
      'layout': '',
      'lineno': 20,
      'section_name': '1.2 Second Section',
      'sections': list([
        '1.2 Second Section',
        '1 TEST DOCUMENT',
      ]),
      'tags': list([
        'test',
        'test2',
      ]),
      'title': 'Another Requirement',
      'type': 'req',
      'type_name': 'Requirement',
      'updated': '1.4.0',
    }),
    'T_001': dict({
      'docname': 'index',
      'external_css': 'external_link',
      'full_title': 'test method',
      'id': 'T_001',
      'layout': '',
      'lineno': 40,
      'section_name': '1.3 need in API',
      'sections': list([
        '1.3 need in API',
        '1 TEST DOCUMENT',
      ]),
      'signature': 'test_method',
      'title': 'test method',
      'type': 'test',
      'type_name': 'Test Case',
    }),
  })
# ---
