# serializer version: 1
# name: test_schema_benchmark[100]
  list([
    "WARNING: Need 'FEAt_P01' has validation errors:",
    '  Severity: warning',
    '  Field: id',
    '    Need path:      FEAt_P01',
    '    Schema path:    allOf > 0 > properties > id > pattern',
    '    User message:   id must be uppercase',
    "    Schema message: 'FEAt_P01' does not match '^[A-Z0-9_]+$' [sn_schema.validation_fail]",
    "WARNING: Need 'SPEC_MISSING_APPROVAL_P01' has validation errors:",
    '  Severity: violation',
    '  Field: id',
    '    Need path:      SPEC_MISSING_APPROVAL_P01',
    '    Schema path:    allOf > 1 > properties > id > pattern',
    "    Schema message: 'SPEC_MISSING_APPROVAL_P01' does not match '^REQ[a-zA-Z0-9_-]*$' [sn_schema.validation_fail]",
    "WARNING: Need 'SPEC_MISSING_APPROVAL_P01' has validation errors:",
    '  Severity: info',
    '    Need path:      SPEC_MISSING_APPROVAL_P01',
    '    Schema path:    allOf > 2 > required',
    '    User message:   Approval required due to high efforts',
    "    Schema message: 'approved' is a required property [sn_schema.validation_fail]",
    "WARNING: Need 'SPEC_P01' has validation errors:",
    '  Severity: violation',
    '  Field: id',
    '    Need path:      SPEC_P01',
    '    Schema path:    allOf > 1 > properties > id > pattern',
    "    Schema message: 'SPEC_P01' does not match '^REQ[a-zA-Z0-9_-]*$' [sn_schema.validation_fail]",
    "WARNING: Need 'SPEC_SAFE_UNSAFE_FEAT_P01' has validation errors:",
    '  Severity: violation',
    '  Field: links',
    '    Need path:      SPEC_SAFE_UNSAFE_FEAT_P01 > links',
    '    Schema path:    safe-spec--links--safe-feat[6] > link_schema > links',
    "    Schema message: 1 invalid links of type 'links' / nok: FEAT_P01 [sn_schema.unevaluated_additional_links]",
    "WARNING: Need 'SPEC_SAFE_UNSAFE_FEAT_P01' has validation errors:",
    '  Severity: violation',
    '  Field: id',
    '    Need path:      SPEC_SAFE_UNSAFE_FEAT_P01',
    '    Schema path:    6[safe-spec--links--safe-feat] > 6[safe-spec--links--safe-feat] > allOf > 1 > properties > id > pattern',
    "    Schema message: 'SPEC_SAFE_UNSAFE_FEAT_P01' does not match '^REQ[a-zA-Z0-9_-]*$' [sn_schema.validation_fail]",
    "WARNING: Need 'SPEC_SAFE_P01' has validation errors:",
    '  Severity: violation',
    '  Field: id',
    '    Need path:      SPEC_SAFE_P01',
    '    Schema path:    6[safe-spec--links--safe-feat] > 6[safe-spec--links--safe-feat] > allOf > 1 > properties > id > pattern',
    "    Schema message: 'SPEC_SAFE_P01' does not match '^REQ[a-zA-Z0-9_-]*$' [sn_schema.validation_fail]",
    "WARNING: Need 'IMPL_SAFE_P01' has validation errors:",
    '  Severity: violation',
    '  Field: links',
    '    Need path:      IMPL_SAFE_P01 > links',
    '    Schema path:    safe-impl--links--safe-spec--links--safe-feat[7] > link_schema > links > schema_id[safe-spec--links--safe-feat]',
    "    Schema message: Too few valid links of type 'links' (0 < 1) / nok: SPEC_SAFE_UNSAFE_FEAT_P01 [sn_schema.too_few_links]",
    "WARNING: Need 'IMPL_SAFE_P01' has validation errors:",
    '  Severity: violation',
    '  Field: links',
    '    Need path:      IMPL_SAFE_P01 > links',
    '    Schema path:    safe-impl--links--safe-spec--links--safe-feat[7] > link_schema > links',
    "    Schema message: 1 invalid links of type 'links' / nok: SPEC_SAFE_UNSAFE_FEAT_P01 [sn_schema.unevaluated_additional_links]",
    "WARNING: Need 'FEAt_P02' has validation errors:",
    '  Severity: warning',
    '  Field: id',
    '    Need path:      FEAt_P02',
    '    Schema path:    allOf > 0 > properties > id > pattern',
    '    User message:   id must be uppercase',
    "    Schema message: 'FEAt_P02' does not match '^[A-Z0-9_]+$' [sn_schema.validation_fail]",
    "WARNING: Need 'SPEC_MISSING_APPROVAL_P02' has validation errors:",
    '  Severity: violation',
    '  Field: id',
    '    Need path:      SPEC_MISSING_APPROVAL_P02',
    '    Schema path:    allOf > 1 > properties > id > pattern',
    "    Schema message: 'SPEC_MISSING_APPROVAL_P02' does not match '^REQ[a-zA-Z0-9_-]*$' [sn_schema.validation_fail]",
    "WARNING: Need 'SPEC_MISSING_APPROVAL_P02' has validation errors:",
    '  Severity: info',
    '    Need path:      SPEC_MISSING_APPROVAL_P02',
    '    Schema path:    allOf > 2 > required',
    '    User message:   Approval required due to high efforts',
    "    Schema message: 'approved' is a required property [sn_schema.validation_fail]",
    "WARNING: Need 'SPEC_P02' has validation errors:",
    '  Severity: violation',
    '  Field: id',
    '    Need path:      SPEC_P02',
    '    Schema path:    allOf > 1 > properties > id > pattern',
    "    Schema message: 'SPEC_P02' does not match '^REQ[a-zA-Z0-9_-]*$' [sn_schema.validation_fail]",
    "WARNING: Need 'SPEC_SAFE_UNSAFE_FEAT_P02' has validation errors:",
    '  Severity: violation',
    '  Field: links',
    '    Need path:      SPEC_SAFE_UNSAFE_FEAT_P02 > links',
    '    Schema path:    safe-spec--links--safe-feat[6] > link_schema > links',
    "    Schema message: 1 invalid links of type 'links' / nok: FEAT_P02 [sn_schema.unevaluated_additional_links]",
    "WARNING: Need 'SPEC_SAFE_UNSAFE_FEAT_P02' has validation errors:",
    '  Severity: violation',
    '  Field: id',
    '    Need path:      SPEC_SAFE_UNSAFE_FEAT_P02',
    '    Schema path:    6[safe-spec--links--safe-feat] > 6[safe-spec--links--safe-feat] > allOf > 1 > properties > id > pattern',
    "    Schema message: 'SPEC_SAFE_UNSAFE_FEAT_P02' does not match '^REQ[a-zA-Z0-9_-]*$' [sn_schema.validation_fail]",
    "WARNING: Need 'SPEC_SAFE_P02' has validation errors:",
    '  Severity: violation',
    '  Field: id',
    '    Need path:      SPEC_SAFE_P02',
    '    Schema path:    6[safe-spec--links--safe-feat] > 6[safe-spec--links--safe-feat] > allOf > 1 > properties > id > pattern',
    "    Schema message: 'SPEC_SAFE_P02' does not match '^REQ[a-zA-Z0-9_-]*$' [sn_schema.validation_fail]",
    "WARNING: Need 'IMPL_SAFE_P02' has validation errors:",
    '  Severity: violation',
    '  Field: links',
    '    Need path:      IMPL_SAFE_P02 > links',
    '    Schema path:    safe-impl--links--safe-spec--links--safe-feat[7] > link_schema > links > schema_id[safe-spec--links--safe-feat]',
    "    Schema message: Too few valid links of type 'links' (0 < 1) / nok: SPEC_SAFE_UNSAFE_FEAT_P02 [sn_schema.too_few_links]",
    "WARNING: Need 'IMPL_SAFE_P02' has validation errors:",
    '  Severity: violation',
    '  Field: links',
    '    Need path:      IMPL_SAFE_P02 > links',
    '    Schema path:    safe-impl--links--safe-spec--links--safe-feat[7] > link_schema > links',
    "    Schema message: 1 invalid links of type 'links' / nok: SPEC_SAFE_UNSAFE_FEAT_P02 [sn_schema.unevaluated_additional_links]",
    "WARNING: Need 'FEAt_P03' has validation errors:",
    '  Severity: warning',
    '  Field: id',
    '    Need path:      FEAt_P03',
    '    Schema path:    allOf > 0 > properties > id > pattern',
    '    User message:   id must be uppercase',
    "    Schema message: 'FEAt_P03' does not match '^[A-Z0-9_]+$' [sn_schema.validation_fail]",
    "WARNING: Need 'SPEC_MISSING_APPROVAL_P03' has validation errors:",
    '  Severity: violation',
    '  Field: id',
    '    Need path:      SPEC_MISSING_APPROVAL_P03',
    '    Schema path:    allOf > 1 > properties > id > pattern',
    "    Schema message: 'SPEC_MISSING_APPROVAL_P03' does not match '^REQ[a-zA-Z0-9_-]*$' [sn_schema.validation_fail]",
    "WARNING: Need 'SPEC_MISSING_APPROVAL_P03' has validation errors:",
    '  Severity: info',
    '    Need path:      SPEC_MISSING_APPROVAL_P03',
    '    Schema path:    allOf > 2 > required',
    '    User message:   Approval required due to high efforts',
    "    Schema message: 'approved' is a required property [sn_schema.validation_fail]",
    "WARNING: Need 'SPEC_P03' has validation errors:",
    '  Severity: violation',
    '  Field: id',
    '    Need path:      SPEC_P03',
    '    Schema path:    allOf > 1 > properties > id > pattern',
    "    Schema message: 'SPEC_P03' does not match '^REQ[a-zA-Z0-9_-]*$' [sn_schema.validation_fail]",
    "WARNING: Need 'SPEC_SAFE_UNSAFE_FEAT_P03' has validation errors:",
    '  Severity: violation',
    '  Field: links',
    '    Need path:      SPEC_SAFE_UNSAFE_FEAT_P03 > links',
    '    Schema path:    safe-spec--links--safe-feat[6] > link_schema > links',
    "    Schema message: 1 invalid links of type 'links' / nok: FEAT_P03 [sn_schema.unevaluated_additional_links]",
    "WARNING: Need 'SPEC_SAFE_UNSAFE_FEAT_P03' has validation errors:",
    '  Severity: violation',
    '  Field: id',
    '    Need path:      SPEC_SAFE_UNSAFE_FEAT_P03',
    '    Schema path:    6[safe-spec--links--safe-feat] > 6[safe-spec--links--safe-feat] > allOf > 1 > properties > id > pattern',
    "    Schema message: 'SPEC_SAFE_UNSAFE_FEAT_P03' does not match '^REQ[a-zA-Z0-9_-]*$' [sn_schema.validation_fail]",
    "WARNING: Need 'SPEC_SAFE_P03' has validation errors:",
    '  Severity: violation',
    '  Field: id',
    '    Need path:      SPEC_SAFE_P03',
    '    Schema path:    6[safe-spec--links--safe-feat] > 6[safe-spec--links--safe-feat] > allOf > 1 > properties > id > pattern',
    "    Schema message: 'SPEC_SAFE_P03' does not match '^REQ[a-zA-Z0-9_-]*$' [sn_schema.validation_fail]",
    "WARNING: Need 'IMPL_SAFE_P03' has validation errors:",
    '  Severity: violation',
    '  Field: links',
    '    Need path:      IMPL_SAFE_P03 > links',
    '    Schema path:    safe-impl--links--safe-spec--links--safe-feat[7] > link_schema > links > schema_id[safe-spec--links--safe-feat]',
    "    Schema message: Too few valid links of type 'links' (0 < 1) / nok: SPEC_SAFE_UNSAFE_FEAT_P03 [sn_schema.too_few_links]",
    "WARNING: Need 'IMPL_SAFE_P03' has validation errors:",
    '  Severity: violation',
    '  Field: links',
    '    Need path:      IMPL_SAFE_P03 > links',
    '    Schema path:    safe-impl--links--safe-spec--links--safe-feat[7] > link_schema > links',
    "    Schema message: 1 invalid links of type 'links' / nok: SPEC_SAFE_UNSAFE_FEAT_P03 [sn_schema.unevaluated_additional_links]",
    "WARNING: Need 'FEAt_P04' has validation errors:",
    '  Severity: warning',
    '  Field: id',
    '    Need path:      FEAt_P04',
    '    Schema path:    allOf > 0 > properties > id > pattern',
    '    User message:   id must be uppercase',
    "    Schema message: 'FEAt_P04' does not match '^[A-Z0-9_]+$' [sn_schema.validation_fail]",
    "WARNING: Need 'SPEC_MISSING_APPROVAL_P04' has validation errors:",
    '  Severity: violation',
    '  Field: id',
    '    Need path:      SPEC_MISSING_APPROVAL_P04',
    '    Schema path:    allOf > 1 > properties > id > pattern',
    "    Schema message: 'SPEC_MISSING_APPROVAL_P04' does not match '^REQ[a-zA-Z0-9_-]*$' [sn_schema.validation_fail]",
    "WARNING: Need 'SPEC_MISSING_APPROVAL_P04' has validation errors:",
    '  Severity: info',
    '    Need path:      SPEC_MISSING_APPROVAL_P04',
    '    Schema path:    allOf > 2 > required',
    '    User message:   Approval required due to high efforts',
    "    Schema message: 'approved' is a required property [sn_schema.validation_fail]",
    "WARNING: Need 'SPEC_P04' has validation errors:",
    '  Severity: violation',
    '  Field: id',
    '    Need path:      SPEC_P04',
    '    Schema path:    allOf > 1 > properties > id > pattern',
    "    Schema message: 'SPEC_P04' does not match '^REQ[a-zA-Z0-9_-]*$' [sn_schema.validation_fail]",
    "WARNING: Need 'SPEC_SAFE_UNSAFE_FEAT_P04' has validation errors:",
    '  Severity: violation',
    '  Field: links',
    '    Need path:      SPEC_SAFE_UNSAFE_FEAT_P04 > links',
    '    Schema path:    safe-spec--links--safe-feat[6] > link_schema > links',
    "    Schema message: 1 invalid links of type 'links' / nok: FEAT_P04 [sn_schema.unevaluated_additional_links]",
    "WARNING: Need 'SPEC_SAFE_UNSAFE_FEAT_P04' has validation errors:",
    '  Severity: violation',
    '  Field: id',
    '    Need path:      SPEC_SAFE_UNSAFE_FEAT_P04',
    '    Schema path:    6[safe-spec--links--safe-feat] > 6[safe-spec--links--safe-feat] > allOf > 1 > properties > id > pattern',
    "    Schema message: 'SPEC_SAFE_UNSAFE_FEAT_P04' does not match '^REQ[a-zA-Z0-9_-]*$' [sn_schema.validation_fail]",
    "WARNING: Need 'SPEC_SAFE_P04' has validation errors:",
    '  Severity: violation',
    '  Field: id',
    '    Need path:      SPEC_SAFE_P04',
    '    Schema path:    6[safe-spec--links--safe-feat] > 6[safe-spec--links--safe-feat] > allOf > 1 > properties > id > pattern',
    "    Schema message: 'SPEC_SAFE_P04' does not match '^REQ[a-zA-Z0-9_-]*$' [sn_schema.validation_fail]",
    "WARNING: Need 'IMPL_SAFE_P04' has validation errors:",
    '  Severity: violation',
    '  Field: links',
    '    Need path:      IMPL_SAFE_P04 > links',
    '    Schema path:    safe-impl--links--safe-spec--links--safe-feat[7] > link_schema > links > schema_id[safe-spec--links--safe-feat]',
    "    Schema message: Too few valid links of type 'links' (0 < 1) / nok: SPEC_SAFE_UNSAFE_FEAT_P04 [sn_schema.too_few_links]",
    "WARNING: Need 'IMPL_SAFE_P04' has validation errors:",
    '  Severity: violation',
    '  Field: links',
    '    Need path:      IMPL_SAFE_P04 > links',
    '    Schema path:    safe-impl--links--safe-spec--links--safe-feat[7] > link_schema > links',
    "    Schema message: 1 invalid links of type 'links' / nok: SPEC_SAFE_UNSAFE_FEAT_P04 [sn_schema.unevaluated_additional_links]",
    "WARNING: Need 'FEAt_P05' has validation errors:",
    '  Severity: warning',
    '  Field: id',
    '    Need path:      FEAt_P05',
    '    Schema path:    allOf > 0 > properties > id > pattern',
    '    User message:   id must be uppercase',
    "    Schema message: 'FEAt_P05' does not match '^[A-Z0-9_]+$' [sn_schema.validation_fail]",
    "WARNING: Need 'SPEC_MISSING_APPROVAL_P05' has validation errors:",
    '  Severity: violation',
    '  Field: id',
    '    Need path:      SPEC_MISSING_APPROVAL_P05',
    '    Schema path:    allOf > 1 > properties > id > pattern',
    "    Schema message: 'SPEC_MISSING_APPROVAL_P05' does not match '^REQ[a-zA-Z0-9_-]*$' [sn_schema.validation_fail]",
    "WARNING: Need 'SPEC_MISSING_APPROVAL_P05' has validation errors:",
    '  Severity: info',
    '    Need path:      SPEC_MISSING_APPROVAL_P05',
    '    Schema path:    allOf > 2 > required',
    '    User message:   Approval required due to high efforts',
    "    Schema message: 'approved' is a required property [sn_schema.validation_fail]",
    "WARNING: Need 'SPEC_P05' has validation errors:",
    '  Severity: violation',
    '  Field: id',
    '    Need path:      SPEC_P05',
    '    Schema path:    allOf > 1 > properties > id > pattern',
    "    Schema message: 'SPEC_P05' does not match '^REQ[a-zA-Z0-9_-]*$' [sn_schema.validation_fail]",
    "WARNING: Need 'SPEC_SAFE_UNSAFE_FEAT_P05' has validation errors:",
    '  Severity: violation',
    '  Field: links',
    '    Need path:      SPEC_SAFE_UNSAFE_FEAT_P05 > links',
    '    Schema path:    safe-spec--links--safe-feat[6] > link_schema > links',
    "    Schema message: 1 invalid links of type 'links' / nok: FEAT_P05 [sn_schema.unevaluated_additional_links]",
    "WARNING: Need 'SPEC_SAFE_UNSAFE_FEAT_P05' has validation errors:",
    '  Severity: violation',
    '  Field: id',
    '    Need path:      SPEC_SAFE_UNSAFE_FEAT_P05',
    '    Schema path:    6[safe-spec--links--safe-feat] > 6[safe-spec--links--safe-feat] > allOf > 1 > properties > id > pattern',
    "    Schema message: 'SPEC_SAFE_UNSAFE_FEAT_P05' does not match '^REQ[a-zA-Z0-9_-]*$' [sn_schema.validation_fail]",
    "WARNING: Need 'SPEC_SAFE_P05' has validation errors:",
    '  Severity: violation',
    '  Field: id',
    '    Need path:      SPEC_SAFE_P05',
    '    Schema path:    6[safe-spec--links--safe-feat] > 6[safe-spec--links--safe-feat] > allOf > 1 > properties > id > pattern',
    "    Schema message: 'SPEC_SAFE_P05' does not match '^REQ[a-zA-Z0-9_-]*$' [sn_schema.validation_fail]",
    "WARNING: Need 'IMPL_SAFE_P05' has validation errors:",
    '  Severity: violation',
    '  Field: links',
    '    Need path:      IMPL_SAFE_P05 > links',
    '    Schema path:    safe-impl--links--safe-spec--links--safe-feat[7] > link_schema > links > schema_id[safe-spec--links--safe-feat]',
    "    Schema message: Too few valid links of type 'links' (0 < 1) / nok: SPEC_SAFE_UNSAFE_FEAT_P05 [sn_schema.too_few_links]",
    "WARNING: Need 'IMPL_SAFE_P05' has validation errors:",
    '  Severity: violation',
    '  Field: links',
    '    Need path:      IMPL_SAFE_P05 > links',
    '    Schema path:    safe-impl--links--safe-spec--links--safe-feat[7] > link_schema > links',
    "    Schema message: 1 invalid links of type 'links' / nok: SPEC_SAFE_UNSAFE_FEAT_P05 [sn_schema.unevaluated_additional_links]",
    "WARNING: Need 'FEAt_P06' has validation errors:",
    '  Severity: warning',
    '  Field: id',
    '    Need path:      FEAt_P06',
    '    Schema path:    allOf > 0 > properties > id > pattern',
    '    User message:   id must be uppercase',
    "    Schema message: 'FEAt_P06' does not match '^[A-Z0-9_]+$' [sn_schema.validation_fail]",
    "WARNING: Need 'SPEC_MISSING_APPROVAL_P06' has validation errors:",
    '  Severity: violation',
    '  Field: id',
    '    Need path:      SPEC_MISSING_APPROVAL_P06',
    '    Schema path:    allOf > 1 > properties > id > pattern',
    "    Schema message: 'SPEC_MISSING_APPROVAL_P06' does not match '^REQ[a-zA-Z0-9_-]*$' [sn_schema.validation_fail]",
    "WARNING: Need 'SPEC_MISSING_APPROVAL_P06' has validation errors:",
    '  Severity: info',
    '    Need path:      SPEC_MISSING_APPROVAL_P06',
    '    Schema path:    allOf > 2 > required',
    '    User message:   Approval required due to high efforts',
    "    Schema message: 'approved' is a required property [sn_schema.validation_fail]",
    "WARNING: Need 'SPEC_P06' has validation errors:",
    '  Severity: violation',
    '  Field: id',
    '    Need path:      SPEC_P06',
    '    Schema path:    allOf > 1 > properties > id > pattern',
    "    Schema message: 'SPEC_P06' does not match '^REQ[a-zA-Z0-9_-]*$' [sn_schema.validation_fail]",
    "WARNING: Need 'SPEC_SAFE_UNSAFE_FEAT_P06' has validation errors:",
    '  Severity: violation',
    '  Field: links',
    '    Need path:      SPEC_SAFE_UNSAFE_FEAT_P06 > links',
    '    Schema path:    safe-spec--links--safe-feat[6] > link_schema > links',
    "    Schema message: 1 invalid links of type 'links' / nok: FEAT_P06 [sn_schema.unevaluated_additional_links]",
    "WARNING: Need 'SPEC_SAFE_UNSAFE_FEAT_P06' has validation errors:",
    '  Severity: violation',
    '  Field: id',
    '    Need path:      SPEC_SAFE_UNSAFE_FEAT_P06',
    '    Schema path:    6[safe-spec--links--safe-feat] > 6[safe-spec--links--safe-feat] > allOf > 1 > properties > id > pattern',
    "    Schema message: 'SPEC_SAFE_UNSAFE_FEAT_P06' does not match '^REQ[a-zA-Z0-9_-]*$' [sn_schema.validation_fail]",
    "WARNING: Need 'SPEC_SAFE_P06' has validation errors:",
    '  Severity: violation',
    '  Field: id',
    '    Need path:      SPEC_SAFE_P06',
    '    Schema path:    6[safe-spec--links--safe-feat] > 6[safe-spec--links--safe-feat] > allOf > 1 > properties > id > pattern',
    "    Schema message: 'SPEC_SAFE_P06' does not match '^REQ[a-zA-Z0-9_-]*$' [sn_schema.validation_fail]",
    "WARNING: Need 'IMPL_SAFE_P06' has validation errors:",
    '  Severity: violation',
    '  Field: links',
    '    Need path:      IMPL_SAFE_P06 > links',
    '    Schema path:    safe-impl--links--safe-spec--links--safe-feat[7] > link_schema > links > schema_id[safe-spec--links--safe-feat]',
    "    Schema message: Too few valid links of type 'links' (0 < 1) / nok: SPEC_SAFE_UNSAFE_FEAT_P06 [sn_schema.too_few_links]",
    "WARNING: Need 'IMPL_SAFE_P06' has validation errors:",
    '  Severity: violation',
    '  Field: links',
    '    Need path:      IMPL_SAFE_P06 > links',
    '    Schema path:    safe-impl--links--safe-spec--links--safe-feat[7] > link_schema > links',
    "    Schema message: 1 invalid links of type 'links' / nok: SPEC_SAFE_UNSAFE_FEAT_P06 [sn_schema.unevaluated_additional_links]",
    "WARNING: Need 'FEAt_P07' has validation errors:",
    '  Severity: warning',
    '  Field: id',
    '    Need path:      FEAt_P07',
    '    Schema path:    allOf > 0 > properties > id > pattern',
    '    User message:   id must be uppercase',
    "    Schema message: 'FEAt_P07' does not match '^[A-Z0-9_]+$' [sn_schema.validation_fail]",
    "WARNING: Need 'SPEC_MISSING_APPROVAL_P07' has validation errors:",
    '  Severity: violation',
    '  Field: id',
    '    Need path:      SPEC_MISSING_APPROVAL_P07',
    '    Schema path:    allOf > 1 > properties > id > pattern',
    "    Schema message: 'SPEC_MISSING_APPROVAL_P07' does not match '^REQ[a-zA-Z0-9_-]*$' [sn_schema.validation_fail]",
    "WARNING: Need 'SPEC_MISSING_APPROVAL_P07' has validation errors:",
    '  Severity: info',
    '    Need path:      SPEC_MISSING_APPROVAL_P07',
    '    Schema path:    allOf > 2 > required',
    '    User message:   Approval required due to high efforts',
    "    Schema message: 'approved' is a required property [sn_schema.validation_fail]",
    "WARNING: Need 'SPEC_P07' has validation errors:",
    '  Severity: violation',
    '  Field: id',
    '    Need path:      SPEC_P07',
    '    Schema path:    allOf > 1 > properties > id > pattern',
    "    Schema message: 'SPEC_P07' does not match '^REQ[a-zA-Z0-9_-]*$' [sn_schema.validation_fail]",
    "WARNING: Need 'SPEC_SAFE_UNSAFE_FEAT_P07' has validation errors:",
    '  Severity: violation',
    '  Field: links',
    '    Need path:      SPEC_SAFE_UNSAFE_FEAT_P07 > links',
    '    Schema path:    safe-spec--links--safe-feat[6] > link_schema > links',
    "    Schema message: 1 invalid links of type 'links' / nok: FEAT_P07 [sn_schema.unevaluated_additional_links]",
    "WARNING: Need 'SPEC_SAFE_UNSAFE_FEAT_P07' has validation errors:",
    '  Severity: violation',
    '  Field: id',
    '    Need path:      SPEC_SAFE_UNSAFE_FEAT_P07',
    '    Schema path:    6[safe-spec--links--safe-feat] > 6[safe-spec--links--safe-feat] > allOf > 1 > properties > id > pattern',
    "    Schema message: 'SPEC_SAFE_UNSAFE_FEAT_P07' does not match '^REQ[a-zA-Z0-9_-]*$' [sn_schema.validation_fail]",
    "WARNING: Need 'SPEC_SAFE_P07' has validation errors:",
    '  Severity: violation',
    '  Field: id',
    '    Need path:      SPEC_SAFE_P07',
    '    Schema path:    6[safe-spec--links--safe-feat] > 6[safe-spec--links--safe-feat] > allOf > 1 > properties > id > pattern',
    "    Schema message: 'SPEC_SAFE_P07' does not match '^REQ[a-zA-Z0-9_-]*$' [sn_schema.validation_fail]",
    "WARNING: Need 'IMPL_SAFE_P07' has validation errors:",
    '  Severity: violation',
    '  Field: links',
    '    Need path:      IMPL_SAFE_P07 > links',
    '    Schema path:    safe-impl--links--safe-spec--links--safe-feat[7] > link_schema > links > schema_id[safe-spec--links--safe-feat]',
    "    Schema message: Too few valid links of type 'links' (0 < 1) / nok: SPEC_SAFE_UNSAFE_FEAT_P07 [sn_schema.too_few_links]",
    "WARNING: Need 'IMPL_SAFE_P07' has validation errors:",
    '  Severity: violation',
    '  Field: links',
    '    Need path:      IMPL_SAFE_P07 > links',
    '    Schema path:    safe-impl--links--safe-spec--links--safe-feat[7] > link_schema > links',
    "    Schema message: 1 invalid links of type 'links' / nok: SPEC_SAFE_UNSAFE_FEAT_P07 [sn_schema.unevaluated_additional_links]",
    "WARNING: Need 'FEAt_P08' has validation errors:",
    '  Severity: warning',
    '  Field: id',
    '    Need path:      FEAt_P08',
    '    Schema path:    allOf > 0 > properties > id > pattern',
    '    User message:   id must be uppercase',
    "    Schema message: 'FEAt_P08' does not match '^[A-Z0-9_]+$' [sn_schema.validation_fail]",
    "WARNING: Need 'SPEC_MISSING_APPROVAL_P08' has validation errors:",
    '  Severity: violation',
    '  Field: id',
    '    Need path:      SPEC_MISSING_APPROVAL_P08',
    '    Schema path:    allOf > 1 > properties > id > pattern',
    "    Schema message: 'SPEC_MISSING_APPROVAL_P08' does not match '^REQ[a-zA-Z0-9_-]*$' [sn_schema.validation_fail]",
    "WARNING: Need 'SPEC_MISSING_APPROVAL_P08' has validation errors:",
    '  Severity: info',
    '    Need path:      SPEC_MISSING_APPROVAL_P08',
    '    Schema path:    allOf > 2 > required',
    '    User message:   Approval required due to high efforts',
    "    Schema message: 'approved' is a required property [sn_schema.validation_fail]",
    "WARNING: Need 'SPEC_P08' has validation errors:",
    '  Severity: violation',
    '  Field: id',
    '    Need path:      SPEC_P08',
    '    Schema path:    allOf > 1 > properties > id > pattern',
    "    Schema message: 'SPEC_P08' does not match '^REQ[a-zA-Z0-9_-]*$' [sn_schema.validation_fail]",
    "WARNING: Need 'SPEC_SAFE_UNSAFE_FEAT_P08' has validation errors:",
    '  Severity: violation',
    '  Field: links',
    '    Need path:      SPEC_SAFE_UNSAFE_FEAT_P08 > links',
    '    Schema path:    safe-spec--links--safe-feat[6] > link_schema > links',
    "    Schema message: 1 invalid links of type 'links' / nok: FEAT_P08 [sn_schema.unevaluated_additional_links]",
    "WARNING: Need 'SPEC_SAFE_UNSAFE_FEAT_P08' has validation errors:",
    '  Severity: violation',
    '  Field: id',
    '    Need path:      SPEC_SAFE_UNSAFE_FEAT_P08',
    '    Schema path:    6[safe-spec--links--safe-feat] > 6[safe-spec--links--safe-feat] > allOf > 1 > properties > id > pattern',
    "    Schema message: 'SPEC_SAFE_UNSAFE_FEAT_P08' does not match '^REQ[a-zA-Z0-9_-]*$' [sn_schema.validation_fail]",
    "WARNING: Need 'SPEC_SAFE_P08' has validation errors:",
    '  Severity: violation',
    '  Field: id',
    '    Need path:      SPEC_SAFE_P08',
    '    Schema path:    6[safe-spec--links--safe-feat] > 6[safe-spec--links--safe-feat] > allOf > 1 > properties > id > pattern',
    "    Schema message: 'SPEC_SAFE_P08' does not match '^REQ[a-zA-Z0-9_-]*$' [sn_schema.validation_fail]",
    "WARNING: Need 'IMPL_SAFE_P08' has validation errors:",
    '  Severity: violation',
    '  Field: links',
    '    Need path:      IMPL_SAFE_P08 > links',
    '    Schema path:    safe-impl--links--safe-spec--links--safe-feat[7] > link_schema > links > schema_id[safe-spec--links--safe-feat]',
    "    Schema message: Too few valid links of type 'links' (0 < 1) / nok: SPEC_SAFE_UNSAFE_FEAT_P08 [sn_schema.too_few_links]",
    "WARNING: Need 'IMPL_SAFE_P08' has validation errors:",
    '  Severity: violation',
    '  Field: links',
    '    Need path:      IMPL_SAFE_P08 > links',
    '    Schema path:    safe-impl--links--safe-spec--links--safe-feat[7] > link_schema > links',
    "    Schema message: 1 invalid links of type 'links' / nok: SPEC_SAFE_UNSAFE_FEAT_P08 [sn_schema.unevaluated_additional_links]",
    "WARNING: Need 'FEAt_P09' has validation errors:",
    '  Severity: warning',
    '  Field: id',
    '    Need path:      FEAt_P09',
    '    Schema path:    allOf > 0 > properties > id > pattern',
    '    User message:   id must be uppercase',
    "    Schema message: 'FEAt_P09' does not match '^[A-Z0-9_]+$' [sn_schema.validation_fail]",
    "WARNING: Need 'SPEC_MISSING_APPROVAL_P09' has validation errors:",
    '  Severity: violation',
    '  Field: id',
    '    Need path:      SPEC_MISSING_APPROVAL_P09',
    '    Schema path:    allOf > 1 > properties > id > pattern',
    "    Schema message: 'SPEC_MISSING_APPROVAL_P09' does not match '^REQ[a-zA-Z0-9_-]*$' [sn_schema.validation_fail]",
    "WARNING: Need 'SPEC_MISSING_APPROVAL_P09' has validation errors:",
    '  Severity: info',
    '    Need path:      SPEC_MISSING_APPROVAL_P09',
    '    Schema path:    allOf > 2 > required',
    '    User message:   Approval required due to high efforts',
    "    Schema message: 'approved' is a required property [sn_schema.validation_fail]",
    "WARNING: Need 'SPEC_P09' has validation errors:",
    '  Severity: violation',
    '  Field: id',
    '    Need path:      SPEC_P09',
    '    Schema path:    allOf > 1 > properties > id > pattern',
    "    Schema message: 'SPEC_P09' does not match '^REQ[a-zA-Z0-9_-]*$' [sn_schema.validation_fail]",
    "WARNING: Need 'SPEC_SAFE_UNSAFE_FEAT_P09' has validation errors:",
    '  Severity: violation',
    '  Field: links',
    '    Need path:      SPEC_SAFE_UNSAFE_FEAT_P09 > links',
    '    Schema path:    safe-spec--links--safe-feat[6] > link_schema > links',
    "    Schema message: 1 invalid links of type 'links' / nok: FEAT_P09 [sn_schema.unevaluated_additional_links]",
    "WARNING: Need 'SPEC_SAFE_UNSAFE_FEAT_P09' has validation errors:",
    '  Severity: violation',
    '  Field: id',
    '    Need path:      SPEC_SAFE_UNSAFE_FEAT_P09',
    '    Schema path:    6[safe-spec--links--safe-feat] > 6[safe-spec--links--safe-feat] > allOf > 1 > properties > id > pattern',
    "    Schema message: 'SPEC_SAFE_UNSAFE_FEAT_P09' does not match '^REQ[a-zA-Z0-9_-]*$' [sn_schema.validation_fail]",
    "WARNING: Need 'SPEC_SAFE_P09' has validation errors:",
    '  Severity: violation',
    '  Field: id',
    '    Need path:      SPEC_SAFE_P09',
    '    Schema path:    6[safe-spec--links--safe-feat] > 6[safe-spec--links--safe-feat] > allOf > 1 > properties > id > pattern',
    "    Schema message: 'SPEC_SAFE_P09' does not match '^REQ[a-zA-Z0-9_-]*$' [sn_schema.validation_fail]",
    "WARNING: Need 'IMPL_SAFE_P09' has validation errors:",
    '  Severity: violation',
    '  Field: links',
    '    Need path:      IMPL_SAFE_P09 > links',
    '    Schema path:    safe-impl--links--safe-spec--links--safe-feat[7] > link_schema > links > schema_id[safe-spec--links--safe-feat]',
    "    Schema message: Too few valid links of type 'links' (0 < 1) / nok: SPEC_SAFE_UNSAFE_FEAT_P09 [sn_schema.too_few_links]",
    "WARNING: Need 'IMPL_SAFE_P09' has validation errors:",
    '  Severity: violation',
    '  Field: links',
    '    Need path:      IMPL_SAFE_P09 > links',
    '    Schema path:    safe-impl--links--safe-spec--links--safe-feat[7] > link_schema > links',
    "    Schema message: 1 invalid links of type 'links' / nok: SPEC_SAFE_UNSAFE_FEAT_P09 [sn_schema.unevaluated_additional_links]",
    "WARNING: Need 'FEAt_P10' has validation errors:",
    '  Severity: warning',
    '  Field: id',
    '    Need path:      FEAt_P10',
    '    Schema path:    allOf > 0 > properties > id > pattern',
    '    User message:   id must be uppercase',
    "    Schema message: 'FEAt_P10' does not match '^[A-Z0-9_]+$' [sn_schema.validation_fail]",
    "WARNING: Need 'SPEC_MISSING_APPROVAL_P10' has validation errors:",
    '  Severity: violation',
    '  Field: id',
    '    Need path:      SPEC_MISSING_APPROVAL_P10',
    '    Schema path:    allOf > 1 > properties > id > pattern',
    "    Schema message: 'SPEC_MISSING_APPROVAL_P10' does not match '^REQ[a-zA-Z0-9_-]*$' [sn_schema.validation_fail]",
    "WARNING: Need 'SPEC_MISSING_APPROVAL_P10' has validation errors:",
    '  Severity: info',
    '    Need path:      SPEC_MISSING_APPROVAL_P10',
    '    Schema path:    allOf > 2 > required',
    '    User message:   Approval required due to high efforts',
    "    Schema message: 'approved' is a required property [sn_schema.validation_fail]",
    "WARNING: Need 'SPEC_P10' has validation errors:",
    '  Severity: violation',
    '  Field: id',
    '    Need path:      SPEC_P10',
    '    Schema path:    allOf > 1 > properties > id > pattern',
    "    Schema message: 'SPEC_P10' does not match '^REQ[a-zA-Z0-9_-]*$' [sn_schema.validation_fail]",
    "WARNING: Need 'SPEC_SAFE_UNSAFE_FEAT_P10' has validation errors:",
    '  Severity: violation',
    '  Field: links',
    '    Need path:      SPEC_SAFE_UNSAFE_FEAT_P10 > links',
    '    Schema path:    safe-spec--links--safe-feat[6] > link_schema > links',
    "    Schema message: 1 invalid links of type 'links' / nok: FEAT_P10 [sn_schema.unevaluated_additional_links]",
    "WARNING: Need 'SPEC_SAFE_UNSAFE_FEAT_P10' has validation errors:",
    '  Severity: violation',
    '  Field: id',
    '    Need path:      SPEC_SAFE_UNSAFE_FEAT_P10',
    '    Schema path:    6[safe-spec--links--safe-feat] > 6[safe-spec--links--safe-feat] > allOf > 1 > properties > id > pattern',
    "    Schema message: 'SPEC_SAFE_UNSAFE_FEAT_P10' does not match '^REQ[a-zA-Z0-9_-]*$' [sn_schema.validation_fail]",
    "WARNING: Need 'SPEC_SAFE_P10' has validation errors:",
    '  Severity: violation',
    '  Field: id',
    '    Need path:      SPEC_SAFE_P10',
    '    Schema path:    6[safe-spec--links--safe-feat] > 6[safe-spec--links--safe-feat] > allOf > 1 > properties > id > pattern',
    "    Schema message: 'SPEC_SAFE_P10' does not match '^REQ[a-zA-Z0-9_-]*$' [sn_schema.validation_fail]",
    "WARNING: Need 'IMPL_SAFE_P10' has validation errors:",
    '  Severity: violation',
    '  Field: links',
    '    Need path:      IMPL_SAFE_P10 > links',
    '    Schema path:    safe-impl--links--safe-spec--links--safe-feat[7] > link_schema > links > schema_id[safe-spec--links--safe-feat]',
    "    Schema message: Too few valid links of type 'links' (0 < 1) / nok: SPEC_SAFE_UNSAFE_FEAT_P10 [sn_schema.too_few_links]",
    "WARNING: Need 'IMPL_SAFE_P10' has validation errors:",
    '  Severity: violation',
    '  Field: links',
    '    Need path:      IMPL_SAFE_P10 > links',
    '    Schema path:    safe-impl--links--safe-spec--links--safe-feat[7] > link_schema > links',
    "    Schema message: 1 invalid links of type 'links' / nok: SPEC_SAFE_UNSAFE_FEAT_P10 [sn_schema.unevaluated_additional_links]",
  ])
# ---
# name: test_schema_benchmark[10]
  list([
    "WARNING: Need 'FEAt_P1' has validation errors:",
    '  Severity: warning',
    '  Field: id',
    '    Need path:      FEAt_P1',
    '    Schema path:    allOf > 0 > properties > id > pattern',
    '    User message:   id must be uppercase',
    "    Schema message: 'FEAt_P1' does not match '^[A-Z0-9_]+$' [sn_schema.validation_fail]",
    "WARNING: Need 'SPEC_MISSING_APPROVAL_P1' has validation errors:",
    '  Severity: violation',
    '  Field: id',
    '    Need path:      SPEC_MISSING_APPROVAL_P1',
    '    Schema path:    allOf > 1 > properties > id > pattern',
    "    Schema message: 'SPEC_MISSING_APPROVAL_P1' does not match '^REQ[a-zA-Z0-9_-]*$' [sn_schema.validation_fail]",
    "WARNING: Need 'SPEC_MISSING_APPROVAL_P1' has validation errors:",
    '  Severity: info',
    '    Need path:      SPEC_MISSING_APPROVAL_P1',
    '    Schema path:    allOf > 2 > required',
    '    User message:   Approval required due to high efforts',
    "    Schema message: 'approved' is a required property [sn_schema.validation_fail]",
    "WARNING: Need 'SPEC_P1' has validation errors:",
    '  Severity: violation',
    '  Field: id',
    '    Need path:      SPEC_P1',
    '    Schema path:    allOf > 1 > properties > id > pattern',
    "    Schema message: 'SPEC_P1' does not match '^REQ[a-zA-Z0-9_-]*$' [sn_schema.validation_fail]",
    "WARNING: Need 'SPEC_SAFE_UNSAFE_FEAT_P1' has validation errors:",
    '  Severity: violation',
    '  Field: links',
    '    Need path:      SPEC_SAFE_UNSAFE_FEAT_P1 > links',
    '    Schema path:    safe-spec--links--safe-feat[6] > link_schema > links',
    "    Schema message: 1 invalid links of type 'links' / nok: FEAT_P1 [sn_schema.unevaluated_additional_links]",
    "WARNING: Need 'SPEC_SAFE_UNSAFE_FEAT_P1' has validation errors:",
    '  Severity: violation',
    '  Field: id',
    '    Need path:      SPEC_SAFE_UNSAFE_FEAT_P1',
    '    Schema path:    6[safe-spec--links--safe-feat] > 6[safe-spec--links--safe-feat] > allOf > 1 > properties > id > pattern',
    "    Schema message: 'SPEC_SAFE_UNSAFE_FEAT_P1' does not match '^REQ[a-zA-Z0-9_-]*$' [sn_schema.validation_fail]",
    "WARNING: Need 'SPEC_SAFE_P1' has validation errors:",
    '  Severity: violation',
    '  Field: id',
    '    Need path:      SPEC_SAFE_P1',
    '    Schema path:    6[safe-spec--links--safe-feat] > 6[safe-spec--links--safe-feat] > allOf > 1 > properties > id > pattern',
    "    Schema message: 'SPEC_SAFE_P1' does not match '^REQ[a-zA-Z0-9_-]*$' [sn_schema.validation_fail]",
    "WARNING: Need 'IMPL_SAFE_P1' has validation errors:",
    '  Severity: violation',
    '  Field: links',
    '    Need path:      IMPL_SAFE_P1 > links',
    '    Schema path:    safe-impl--links--safe-spec--links--safe-feat[7] > link_schema > links > schema_id[safe-spec--links--safe-feat]',
    "    Schema message: Too few valid links of type 'links' (0 < 1) / nok: SPEC_SAFE_UNSAFE_FEAT_P1 [sn_schema.too_few_links]",
    "WARNING: Need 'IMPL_SAFE_P1' has validation errors:",
    '  Severity: violation',
    '  Field: links',
    '    Need path:      IMPL_SAFE_P1 > links',
    '    Schema path:    safe-impl--links--safe-spec--links--safe-feat[7] > link_schema > links',
    "    Schema message: 1 invalid links of type 'links' / nok: SPEC_SAFE_UNSAFE_FEAT_P1 [sn_schema.unevaluated_additional_links]",
  ])
# ---
